[2025-11-28 11:33:19] task_submission id=2 db_file_path=public/uploads/task_submissions/1764325085_Group_2_SCRIPT_INTIMATE_RELATIONSHIP.docx
[2025-11-28 11:33:19] trying candidate: C:/xampp/htdocs/public/uploads/task_submissions/1764325085_Group_2_SCRIPT_INTIMATE_RELATIONSHIP.docx -> C:/xampp/htdocs/public/uploads/task_submissions/1764325085_Group_2_SCRIPT_INTIMATE_RELATIONSHIP.docx
[2025-11-28 11:33:19] trying candidate: C:/xampp/htdocs/LearnHub/public/uploads/task_submissions/1764325085_Group_2_SCRIPT_INTIMATE_RELATIONSHIP.docx -> C:/xampp/htdocs/LearnHub/public/uploads/task_submissions/1764325085_Group_2_SCRIPT_INTIMATE_RELATIONSHIP.docx
[2025-11-28 11:33:19] found: C:/xampp/htdocs/LearnHub/public/uploads/task_submissions/1764325085_Group_2_SCRIPT_INTIMATE_RELATIONSHIP.docx
[2025-11-28 11:33:32] task_submission id=2 db_file_path=public/uploads/task_submissions/1764325085_Group_2_SCRIPT_INTIMATE_RELATIONSHIP.docx
[2025-11-28 11:33:32] trying candidate: C:/xampp/htdocs/public/uploads/task_submissions/1764325085_Group_2_SCRIPT_INTIMATE_RELATIONSHIP.docx -> C:/xampp/htdocs/public/uploads/task_submissions/1764325085_Group_2_SCRIPT_INTIMATE_RELATIONSHIP.docx
[2025-11-28 11:33:32] trying candidate: C:/xampp/htdocs/LearnHub/public/uploads/task_submissions/1764325085_Group_2_SCRIPT_INTIMATE_RELATIONSHIP.docx -> C:/xampp/htdocs/LearnHub/public/uploads/task_submissions/1764325085_Group_2_SCRIPT_INTIMATE_RELATIONSHIP.docx
[2025-11-28 11:33:32] found: C:/xampp/htdocs/LearnHub/public/uploads/task_submissions/1764325085_Group_2_SCRIPT_INTIMATE_RELATIONSHIP.docx
[2025-11-28 11:33:32] task_submission id=2 db_file_path=public/uploads/task_submissions/1764325085_Group_2_SCRIPT_INTIMATE_RELATIONSHIP.docx
[2025-11-28 11:33:32] trying candidate: C:/xampp/htdocs/public/uploads/task_submissions/1764325085_Group_2_SCRIPT_INTIMATE_RELATIONSHIP.docx -> C:/xampp/htdocs/public/uploads/task_submissions/1764325085_Group_2_SCRIPT_INTIMATE_RELATIONSHIP.docx
[2025-11-28 11:33:32] trying candidate: C:/xampp/htdocs/LearnHub/public/uploads/task_submissions/1764325085_Group_2_SCRIPT_INTIMATE_RELATIONSHIP.docx -> C:/xampp/htdocs/LearnHub/public/uploads/task_submissions/1764325085_Group_2_SCRIPT_INTIMATE_RELATIONSHIP.docx
[2025-11-28 11:33:32] found: C:/xampp/htdocs/LearnHub/public/uploads/task_submissions/1764325085_Group_2_SCRIPT_INTIMATE_RELATIONSHIP.docx
[2025-11-28 11:51:03] material id=22 db_file_path=public/uploads/teacher/1764325641_comprog.docx
[2025-11-28 11:51:03] trying candidate: C:/xampp/htdocs/public/uploads/teacher/1764325641_comprog.docx -> C:/xampp/htdocs/public/uploads/teacher/1764325641_comprog.docx
[2025-11-28 11:51:03] trying candidate: C:/xampp/htdocs/LearnHub/public/uploads/teacher/1764325641_comprog.docx -> C:/xampp/htdocs/LearnHub/public/uploads/teacher/1764325641_comprog.docx
[2025-11-28 11:51:03] trying candidate: C:\xampp\htdocs\LearnHub/public/uploads/teacher/1764325641_comprog.docx -> C:\xampp\htdocs\LearnHub/public/uploads/teacher/1764325641_comprog.docx
[2025-11-28 11:51:03] trying candidate: public/uploads/teacher/1764325641_comprog.docx -> public/uploads/teacher/1764325641_comprog.docx
[2025-11-28 11:51:03] not found for material id={$id}
[2025-11-28 11:53:32] material id=22 db_file_path=public/uploads/teacher/1764325641_comprog.docx
[2025-11-28 11:53:32] trying candidate: C:/xampp/htdocs/public/uploads/teacher/1764325641_comprog.docx -> C:/xampp/htdocs/public/uploads/teacher/1764325641_comprog.docx
[2025-11-28 11:53:32] trying candidate: C:/xampp/htdocs/LearnHub/public/uploads/teacher/1764325641_comprog.docx -> C:/xampp/htdocs/LearnHub/public/uploads/teacher/1764325641_comprog.docx
[2025-11-28 11:53:32] found: C:/xampp/htdocs/LearnHub/public/uploads/teacher/1764325641_comprog.docx
[2025-11-28 11:53:43] material id=21 db_file_path=public/uploads/teacher/1764324459_Screenshot_2025-08-11_201352.png
[2025-11-28 11:53:43] trying candidate: C:/xampp/htdocs/public/uploads/teacher/1764324459_Screenshot_2025-08-11_201352.png -> C:/xampp/htdocs/public/uploads/teacher/1764324459_Screenshot_2025-08-11_201352.png
[2025-11-28 11:53:43] trying candidate: C:/xampp/htdocs/LearnHub/public/uploads/teacher/1764324459_Screenshot_2025-08-11_201352.png -> C:/xampp/htdocs/LearnHub/public/uploads/teacher/1764324459_Screenshot_2025-08-11_201352.png
[2025-11-28 11:53:43] found: C:/xampp/htdocs/LearnHub/public/uploads/teacher/1764324459_Screenshot_2025-08-11_201352.png
[2025-11-28 11:54:59] task_submission id=3 db_file_path=public/uploads/task_submissions/1764327294_Group_2_SCRIPT_INTIMATE_RELATIONSHIP.docx
[2025-11-28 11:54:59] trying candidate: C:/xampp/htdocs/public/uploads/task_submissions/1764327294_Group_2_SCRIPT_INTIMATE_RELATIONSHIP.docx -> C:/xampp/htdocs/public/uploads/task_submissions/1764327294_Group_2_SCRIPT_INTIMATE_RELATIONSHIP.docx
[2025-11-28 11:54:59] trying candidate: C:/xampp/htdocs/LearnHub/public/uploads/task_submissions/1764327294_Group_2_SCRIPT_INTIMATE_RELATIONSHIP.docx -> C:/xampp/htdocs/LearnHub/public/uploads/task_submissions/1764327294_Group_2_SCRIPT_INTIMATE_RELATIONSHIP.docx
[2025-11-28 11:54:59] found: C:/xampp/htdocs/LearnHub/public/uploads/task_submissions/1764327294_Group_2_SCRIPT_INTIMATE_RELATIONSHIP.docx
[2025-11-28 11:54:59] task_submission id=3 db_file_path=public/uploads/task_submissions/1764327294_Group_2_SCRIPT_INTIMATE_RELATIONSHIP.docx
[2025-11-28 11:54:59] trying candidate: C:/xampp/htdocs/public/uploads/task_submissions/1764327294_Group_2_SCRIPT_INTIMATE_RELATIONSHIP.docx -> C:/xampp/htdocs/public/uploads/task_submissions/1764327294_Group_2_SCRIPT_INTIMATE_RELATIONSHIP.docx
[2025-11-28 11:54:59] trying candidate: C:/xampp/htdocs/LearnHub/public/uploads/task_submissions/1764327294_Group_2_SCRIPT_INTIMATE_RELATIONSHIP.docx -> C:/xampp/htdocs/LearnHub/public/uploads/task_submissions/1764327294_Group_2_SCRIPT_INTIMATE_RELATIONSHIP.docx
[2025-11-28 11:54:59] found: C:/xampp/htdocs/LearnHub/public/uploads/task_submissions/1764327294_Group_2_SCRIPT_INTIMATE_RELATIONSHIP.docx
[2025-11-28 11:55:12] task_submission id=3 db_file_path=public/uploads/task_submissions/1764327294_Group_2_SCRIPT_INTIMATE_RELATIONSHIP.docx
[2025-11-28 11:55:12] trying candidate: C:/xampp/htdocs/public/uploads/task_submissions/1764327294_Group_2_SCRIPT_INTIMATE_RELATIONSHIP.docx -> C:/xampp/htdocs/public/uploads/task_submissions/1764327294_Group_2_SCRIPT_INTIMATE_RELATIONSHIP.docx
[2025-11-28 11:55:12] trying candidate: C:/xampp/htdocs/LearnHub/public/uploads/task_submissions/1764327294_Group_2_SCRIPT_INTIMATE_RELATIONSHIP.docx -> C:/xampp/htdocs/LearnHub/public/uploads/task_submissions/1764327294_Group_2_SCRIPT_INTIMATE_RELATIONSHIP.docx
[2025-11-28 11:55:12] found: C:/xampp/htdocs/LearnHub/public/uploads/task_submissions/1764327294_Group_2_SCRIPT_INTIMATE_RELATIONSHIP.docx
[2025-11-28 11:55:38] material id=23 db_file_path=public/uploads/teacher/1764327335_activity1.docx
[2025-11-28 11:55:38] trying candidate: C:/xampp/htdocs/public/uploads/teacher/1764327335_activity1.docx -> C:/xampp/htdocs/public/uploads/teacher/1764327335_activity1.docx
[2025-11-28 11:55:38] trying candidate: C:/xampp/htdocs/LearnHub/public/uploads/teacher/1764327335_activity1.docx -> C:/xampp/htdocs/LearnHub/public/uploads/teacher/1764327335_activity1.docx
[2025-11-28 11:55:38] found: C:/xampp/htdocs/LearnHub/public/uploads/teacher/1764327335_activity1.docx
[2025-11-28 11:55:43] material id=23 db_file_path=public/uploads/teacher/1764327335_activity1.docx
[2025-11-28 11:55:43] trying candidate: C:/xampp/htdocs/public/uploads/teacher/1764327335_activity1.docx -> C:/xampp/htdocs/public/uploads/teacher/1764327335_activity1.docx
[2025-11-28 11:55:43] trying candidate: C:/xampp/htdocs/LearnHub/public/uploads/teacher/1764327335_activity1.docx -> C:/xampp/htdocs/LearnHub/public/uploads/teacher/1764327335_activity1.docx
[2025-11-28 11:55:43] found: C:/xampp/htdocs/LearnHub/public/uploads/teacher/1764327335_activity1.docx
[2025-11-28 12:16:23] task_submission id=4 db_file_path=public/uploads/task_submissions/1764328580_Group_2_SCRIPT_INTIMATE_RELATIONSHIP.docx
[2025-11-28 12:16:23] trying candidate: C:/xampp/htdocs/public/uploads/task_submissions/1764328580_Group_2_SCRIPT_INTIMATE_RELATIONSHIP.docx -> C:/xampp/htdocs/public/uploads/task_submissions/1764328580_Group_2_SCRIPT_INTIMATE_RELATIONSHIP.docx
[2025-11-28 12:16:23] trying candidate: C:/xampp/htdocs/LearnHub/public/uploads/task_submissions/1764328580_Group_2_SCRIPT_INTIMATE_RELATIONSHIP.docx -> C:/xampp/htdocs/LearnHub/public/uploads/task_submissions/1764328580_Group_2_SCRIPT_INTIMATE_RELATIONSHIP.docx
[2025-11-28 12:16:23] found: C:/xampp/htdocs/LearnHub/public/uploads/task_submissions/1764328580_Group_2_SCRIPT_INTIMATE_RELATIONSHIP.docx
[2025-11-28 12:16:23] task_submission id=4 db_file_path=public/uploads/task_submissions/1764328580_Group_2_SCRIPT_INTIMATE_RELATIONSHIP.docx
[2025-11-28 12:16:23] trying candidate: C:/xampp/htdocs/public/uploads/task_submissions/1764328580_Group_2_SCRIPT_INTIMATE_RELATIONSHIP.docx -> C:/xampp/htdocs/public/uploads/task_submissions/1764328580_Group_2_SCRIPT_INTIMATE_RELATIONSHIP.docx
[2025-11-28 12:16:23] trying candidate: C:/xampp/htdocs/LearnHub/public/uploads/task_submissions/1764328580_Group_2_SCRIPT_INTIMATE_RELATIONSHIP.docx -> C:/xampp/htdocs/LearnHub/public/uploads/task_submissions/1764328580_Group_2_SCRIPT_INTIMATE_RELATIONSHIP.docx
[2025-11-28 12:16:23] found: C:/xampp/htdocs/LearnHub/public/uploads/task_submissions/1764328580_Group_2_SCRIPT_INTIMATE_RELATIONSHIP.docx
[2025-11-28 12:16:34] task_submission id=4 db_file_path=public/uploads/task_submissions/1764328580_Group_2_SCRIPT_INTIMATE_RELATIONSHIP.docx
[2025-11-28 12:16:34] trying candidate: C:/xampp/htdocs/public/uploads/task_submissions/1764328580_Group_2_SCRIPT_INTIMATE_RELATIONSHIP.docx -> C:/xampp/htdocs/public/uploads/task_submissions/1764328580_Group_2_SCRIPT_INTIMATE_RELATIONSHIP.docx
[2025-11-28 12:16:34] trying candidate: C:/xampp/htdocs/LearnHub/public/uploads/task_submissions/1764328580_Group_2_SCRIPT_INTIMATE_RELATIONSHIP.docx -> C:/xampp/htdocs/LearnHub/public/uploads/task_submissions/1764328580_Group_2_SCRIPT_INTIMATE_RELATIONSHIP.docx
[2025-11-28 12:16:34] found: C:/xampp/htdocs/LearnHub/public/uploads/task_submissions/1764328580_Group_2_SCRIPT_INTIMATE_RELATIONSHIP.docx
[2025-11-28 12:18:21] material id=24 db_file_path=public/uploads/teacher/1764328680_Final-Defense-Rubrics.docx
[2025-11-28 12:18:21] trying candidate: C:/xampp/htdocs/public/uploads/teacher/1764328680_Final-Defense-Rubrics.docx -> C:/xampp/htdocs/public/uploads/teacher/1764328680_Final-Defense-Rubrics.docx
[2025-11-28 12:18:21] trying candidate: C:/xampp/htdocs/LearnHub/public/uploads/teacher/1764328680_Final-Defense-Rubrics.docx -> C:/xampp/htdocs/LearnHub/public/uploads/teacher/1764328680_Final-Defense-Rubrics.docx
[2025-11-28 12:18:21] found: C:/xampp/htdocs/LearnHub/public/uploads/teacher/1764328680_Final-Defense-Rubrics.docx
[2025-11-29 03:48:46] task_submission id=1 db_file_path=public/uploads/task_submissions/1764384525_LEARNING_JOURNAL.docx
[2025-11-29 03:48:46] trying candidate: C:/xampp/htdocs/public/uploads/task_submissions/1764384525_LEARNING_JOURNAL.docx -> C:/xampp/htdocs/public/uploads/task_submissions/1764384525_LEARNING_JOURNAL.docx
[2025-11-29 03:48:46] trying candidate: C:/xampp/htdocs/LearnHub/public/uploads/task_submissions/1764384525_LEARNING_JOURNAL.docx -> C:/xampp/htdocs/LearnHub/public/uploads/task_submissions/1764384525_LEARNING_JOURNAL.docx
[2025-11-29 03:48:46] found: C:/xampp/htdocs/LearnHub/public/uploads/task_submissions/1764384525_LEARNING_JOURNAL.docx
[2025-11-29 03:48:47] task_submission id=1 db_file_path=public/uploads/task_submissions/1764384525_LEARNING_JOURNAL.docx
[2025-11-29 03:48:47] trying candidate: C:/xampp/htdocs/public/uploads/task_submissions/1764384525_LEARNING_JOURNAL.docx -> C:/xampp/htdocs/public/uploads/task_submissions/1764384525_LEARNING_JOURNAL.docx
[2025-11-29 03:48:47] trying candidate: C:/xampp/htdocs/LearnHub/public/uploads/task_submissions/1764384525_LEARNING_JOURNAL.docx -> C:/xampp/htdocs/LearnHub/public/uploads/task_submissions/1764384525_LEARNING_JOURNAL.docx
[2025-11-29 03:48:47] found: C:/xampp/htdocs/LearnHub/public/uploads/task_submissions/1764384525_LEARNING_JOURNAL.docx
[2025-11-29 03:49:00] task_submission id=1 db_file_path=public/uploads/task_submissions/1764384525_LEARNING_JOURNAL.docx
[2025-11-29 03:49:00] trying candidate: C:/xampp/htdocs/public/uploads/task_submissions/1764384525_LEARNING_JOURNAL.docx -> C:/xampp/htdocs/public/uploads/task_submissions/1764384525_LEARNING_JOURNAL.docx
[2025-11-29 03:49:00] trying candidate: C:/xampp/htdocs/LearnHub/public/uploads/task_submissions/1764384525_LEARNING_JOURNAL.docx -> C:/xampp/htdocs/LearnHub/public/uploads/task_submissions/1764384525_LEARNING_JOURNAL.docx
[2025-11-29 03:49:00] found: C:/xampp/htdocs/LearnHub/public/uploads/task_submissions/1764384525_LEARNING_JOURNAL.docx
[2025-11-29 03:50:05] material id=1 db_file_path=public/uploads/teacher/1764384597_1764384525_LEARNING_JOURNAL.docx
[2025-11-29 03:50:05] trying candidate: C:/xampp/htdocs/public/uploads/teacher/1764384597_1764384525_LEARNING_JOURNAL.docx -> C:/xampp/htdocs/public/uploads/teacher/1764384597_1764384525_LEARNING_JOURNAL.docx
[2025-11-29 03:50:05] trying candidate: C:/xampp/htdocs/LearnHub/public/uploads/teacher/1764384597_1764384525_LEARNING_JOURNAL.docx -> C:/xampp/htdocs/LearnHub/public/uploads/teacher/1764384597_1764384525_LEARNING_JOURNAL.docx
[2025-11-29 03:50:05] found: C:/xampp/htdocs/LearnHub/public/uploads/teacher/1764384597_1764384525_LEARNING_JOURNAL.docx
[2025-11-29 04:23:25] task_submission id=2 db_file_path=public/uploads/task_submissions/1764386604_Final-Defense-Rubrics.docx
[2025-11-29 04:23:25] trying candidate: C:/xampp/htdocs/public/uploads/task_submissions/1764386604_Final-Defense-Rubrics.docx -> C:/xampp/htdocs/public/uploads/task_submissions/1764386604_Final-Defense-Rubrics.docx
[2025-11-29 04:23:25] trying candidate: C:/xampp/htdocs/LearnHub/public/uploads/task_submissions/1764386604_Final-Defense-Rubrics.docx -> C:/xampp/htdocs/LearnHub/public/uploads/task_submissions/1764386604_Final-Defense-Rubrics.docx
[2025-11-29 04:23:25] found: C:/xampp/htdocs/LearnHub/public/uploads/task_submissions/1764386604_Final-Defense-Rubrics.docx
[2025-11-29 04:23:26] task_submission id=2 db_file_path=public/uploads/task_submissions/1764386604_Final-Defense-Rubrics.docx
[2025-11-29 04:23:26] trying candidate: C:/xampp/htdocs/public/uploads/task_submissions/1764386604_Final-Defense-Rubrics.docx -> C:/xampp/htdocs/public/uploads/task_submissions/1764386604_Final-Defense-Rubrics.docx
[2025-11-29 04:23:26] trying candidate: C:/xampp/htdocs/LearnHub/public/uploads/task_submissions/1764386604_Final-Defense-Rubrics.docx -> C:/xampp/htdocs/LearnHub/public/uploads/task_submissions/1764386604_Final-Defense-Rubrics.docx
[2025-11-29 04:23:26] found: C:/xampp/htdocs/LearnHub/public/uploads/task_submissions/1764386604_Final-Defense-Rubrics.docx
[2025-11-29 04:23:35] task_submission id=2 db_file_path=public/uploads/task_submissions/1764386604_Final-Defense-Rubrics.docx
[2025-11-29 04:23:35] trying candidate: C:/xampp/htdocs/public/uploads/task_submissions/1764386604_Final-Defense-Rubrics.docx -> C:/xampp/htdocs/public/uploads/task_submissions/1764386604_Final-Defense-Rubrics.docx
[2025-11-29 04:23:35] trying candidate: C:/xampp/htdocs/LearnHub/public/uploads/task_submissions/1764386604_Final-Defense-Rubrics.docx -> C:/xampp/htdocs/LearnHub/public/uploads/task_submissions/1764386604_Final-Defense-Rubrics.docx
[2025-11-29 04:23:35] found: C:/xampp/htdocs/LearnHub/public/uploads/task_submissions/1764386604_Final-Defense-Rubrics.docx
[2025-11-29 06:38:15] material id=6 db_file_path=public/uploads/teacher/1764394678_1764384525_LEARNING_JOURNAL.docx
[2025-11-29 06:38:15] trying candidate: C:/xampp/htdocs/public/uploads/teacher/1764394678_1764384525_LEARNING_JOURNAL.docx -> C:/xampp/htdocs/public/uploads/teacher/1764394678_1764384525_LEARNING_JOURNAL.docx
[2025-11-29 06:38:15] trying candidate: C:/xampp/htdocs/LearnHub/public/uploads/teacher/1764394678_1764384525_LEARNING_JOURNAL.docx -> C:/xampp/htdocs/LearnHub/public/uploads/teacher/1764394678_1764384525_LEARNING_JOURNAL.docx
[2025-11-29 06:38:15] found: C:/xampp/htdocs/LearnHub/public/uploads/teacher/1764394678_1764384525_LEARNING_JOURNAL.docx
[2025-12-09 13:08:31] material id=10 db_file_path=public/uploads/teacher/1765282054_kaizen-explanation.pdf
[2025-12-09 13:08:31] trying candidate: C:/xampp/htdocs/public/uploads/teacher/1765282054_kaizen-explanation.pdf -> C:/xampp/htdocs/public/uploads/teacher/1765282054_kaizen-explanation.pdf
[2025-12-09 13:08:31] trying candidate: C:/xampp/htdocs/LearnHub/public/uploads/teacher/1765282054_kaizen-explanation.pdf -> C:/xampp/htdocs/LearnHub/public/uploads/teacher/1765282054_kaizen-explanation.pdf
[2025-12-09 13:08:31] found: C:/xampp/htdocs/LearnHub/public/uploads/teacher/1765282054_kaizen-explanation.pdf
